// Jest Snapshot v1, https://goo.gl/fbAQLP

exports[`logos should be able to render 1`] = `
<svg
  height={30}
  viewBox="0 0 940 274"
  width={102.91970802919708}
  xmlns="http://www.w3.org/2000/svg"
>
  <path
    d="M225.06 272.51l-88-50.8V55.43l88 50.81v166.27z"
    fill="#a3b7d6"
  />
  <path
    d="M137.06 55.43l-88.01 50.81v166.27l88.01-50.8V55.43z"
    fill="#c8d4e6"
  />
  <path
    d="M137.06 0L1.05 78.52l24 13.86 112.01-64.66 112 64.66v166.28l24-13.86V78.52L137.06 0z"
    fill="#5d779b"
  />
  <path
    d="M25.05 92.38l-24-13.86V244.8l24 13.86V92.38z"
    fill="#334866"
  />
  <path
    d="M25.05 92.38v166.28l24 13.85V106.24l-24-13.86z"
    fill="#a3b7d6"
  />
  <path
    d="M25.05 92.38l112.01-64.66 112 64.66v166.28l-24 13.85V106.24l-88-50.81-88.01 50.81-24-13.86z"
    fill="#edf1f7"
  />
  <path
    d="M137.06 92.37l56 32.34v64.66l-56 32.34-56-32.34v-64.66l56-32.34z"
    fill="#ffb3cc"
  />
  <path
    d="M137.06 221.71v-64.67l-56-32.33v64.66l56 32.34z"
    fill="#f21860"
  />
  <path
    d="M137.06 157.04l56-32.33v64.66l-56 32.34v-64.67z"
    fill="#fa8aae"
  />
  <path
    d="M336.21 138.55a49.24 49.24 0 0 0-15.36 35.08v37.18c0 6.49 6.42 10.85 12.42 10.85s12.2-4.36 12.2-10.85v-29.35c0-31.65 16.69-35.07 23.87-35.07 17.76 0 24.09 18.35 24.09 35.51v28.9c0 6.49 6.19 10.85 12 10.85 6 0 12.42-4.15 12.42-10.85v-35.61c0-24.29-18.28-50.5-47.81-50.5a49.56 49.56 0 0 0-33.83 13.86z"
    fill="#f21860"
  />
  <path
    d="M469.33 124.69h-10.87v-21.53c0-6.72-7.23-10.85-12.42-10.85-5.89 0-12.2 4.36-12.2 10.85v85.91c0 15.28 6.63 26.69 18.18 31.31a13.25 13.25 0 0 0 6.12 1.27c4.58 0 8.34-1.86 10.33-5.11a8.88 8.88 0 0 0 1.86-5.52c0-3.59-2-8.08-5.8-9.34-6.07-1.77-6.07-10.38-6.07-15.53V146.4h10.88c5.19 0 12.42-4.13 12.42-10.86s-7.24-10.85-12.43-10.85zm115.02 27.63c-5.24-11.6-15.36-20.39-28.5-24.76-12.58-4.18-26.29-3.64-37.61 1.47a57.41 57.41 0 0 0-27.41 25.86c-4.55 9.05-8.29 23.56-.29 41.28a46.75 46.75 0 0 0 4.92 8.41 52.21 52.21 0 0 0 36.11 18.93c17.2 1.4 35.51-6.54 46.65-20.23a10.13 10.13 0 0 0 1.83-5.5 10.44 10.44 0 0 0-3-8.16 12.23 12.23 0 0 0-7.7-3.71c-5.5-.45-9.13 2.79-13.32 6.55-4.71 4.4-11.09 10.38-22.49 9.45a26.8 26.8 0 0 1-15.89-6.63l-1.12-1L579 166a10.38 10.38 0 0 0 5.4-13.6zm-74.54 23.61v-1.55c-.09-5.36 1.28-18.55 16.08-25.23 8.15-3.68 21-3.84 29.84 4.5l1.11 1zM655 124.24a54.89 54.89 0 0 0-34.08 12.09 48.91 48.91 0 0 0-18.22 38.19v36.29c0 6.49 6.42 10.85 12.42 10.85s12.2-4.36 12.2-10.85V181c0-8.07 0-13.9 2.8-19.5a29.86 29.86 0 0 1 9.72-11.12v.06a29.21 29.21 0 0 1 15.16-4.5c5.87 0 12.2-4.15 12.2-10.85s-6.32-10.85-12.2-10.85zM780.1 203l-.43-.4c-2.5-2-5-4.35-5.67-7.7l-.72-3.39.56.57c-.09-1.37-.09-2.71-.09-3.88v-15.43c0-27.47-27-48-51.13-48a57.94 57.94 0 0 0-36 12.39c-7.95 6.44-17.42 18.23-17.42 37.85a46.7 46.7 0 0 0 15.45 34.75 54.16 54.16 0 0 0 69.52 2.5l.88-.69.61.94a26.67 26.67 0 0 0 10.66 9.23v-.25l1.48.74a13.31 13.31 0 0 0 5.81 1.46c5.11 0 12.19-3.77 12.19-10.84.04-4.5-2.62-6.97-5.7-9.85zm-58.82-1a27.8 27.8 0 0 1-27.65-27.88c0-11.48 8.58-27.65 27.65-27.65 10.69 0 27.65 7.51 27.65 27.65A27.8 27.8 0 0 1 721.28 202zm155.47-8.57a14.37 14.37 0 0 0-8.55-3.13 12.06 12.06 0 0 0-8.51 3.54c-.55.55-1.45 1.28-2.4 2.05-.62.5-1.27 1-1.89 1.56a28.27 28.27 0 0 1-30.56.13c-7.61-5.07-12.14-13.94-12.14-23.74 0-14.9 12.69-27.49 27.72-27.49a27.42 27.42 0 0 1 15.13 4.65l.17.13a17.8 17.8 0 0 0 3.59 2.61l.45.31a10.76 10.76 0 0 0 8 3.07 13.25 13.25 0 0 0 8.74-3.1 10.12 10.12 0 0 0 3.7-7.77c0-2.62-1.19-5-3.74-7.58a53.64 53.64 0 0 0-36.29-13.83A55.17 55.17 0 0 0 804.46 138 47.93 47.93 0 0 0 788 174.45c0 23.28 21.32 49.23 51.92 49.23a57.25 57.25 0 0 0 25.11-6 53.7 53.7 0 0 0 11.85-8.56c2.75-2.5 4-5 4-8a9.51 9.51 0 0 0-4.13-7.69zm49.78-47.03c5.19 0 12.42-4.13 12.42-10.86s-7.23-10.85-12.42-10.85h-10.88v-21.53c0-6.72-7.24-10.85-12.42-10.85-5.89 0-12.2 4.36-12.2 10.85v85.91c0 15.28 6.63 26.69 18.18 31.31a13.25 13.25 0 0 0 6.12 1.27c4.58 0 8.34-1.86 10.33-5.11a8.88 8.88 0 0 0 1.86-5.52c0-3.59-2-8.08-5.8-9.34-6.07-1.77-6.07-10.38-6.07-15.53V146.4z"
    fill="#334866"
  />
</svg>
`;

exports[`logos should be able to render 2`] = `
<svg
  height={30}
  viewBox="0 0 940 274"
  width={102.91970802919708}
  xmlns="http://www.w3.org/2000/svg"
>
  <path
    d="M225.06 272.51l-88-50.8V55.43l88 50.81v166.27z"
    fill="#a3b7d6"
  />
  <path
    d="M137.06 55.43l-88.01 50.81v166.27l88.01-50.8V55.43z"
    fill="#c8d4e6"
  />
  <path
    d="M137.06 0L1.05 78.52l24 13.86 112.01-64.66 112 64.66v166.28l24-13.86V78.52L137.06 0z"
    fill="#5d779b"
  />
  <path
    d="M25.05 92.38l-24-13.86V244.8l24 13.86V92.38z"
    fill="#334866"
  />
  <path
    d="M25.05 92.38v166.28l24 13.85V106.24l-24-13.86z"
    fill="#a3b7d6"
  />
  <path
    d="M25.05 92.38l112.01-64.66 112 64.66v166.28l-24 13.85V106.24l-88-50.81-88.01 50.81-24-13.86z"
    fill="#edf1f7"
  />
  <path
    d="M137.06 92.37l56 32.34v64.66l-56 32.34-56-32.34v-64.66l56-32.34z"
    fill="#ffb3cc"
  />
  <path
    d="M137.06 221.71v-64.67l-56-32.33v64.66l56 32.34z"
    fill="#f21860"
  />
  <path
    d="M137.06 157.04l56-32.33v64.66l-56 32.34v-64.67z"
    fill="#fa8aae"
  />
  <path
    d="M336.21 138.55a49.24 49.24 0 0 0-15.36 35.08v37.18c0 6.49 6.42 10.85 12.42 10.85s12.2-4.36 12.2-10.85v-29.35c0-31.65 16.69-35.07 23.87-35.07 17.76 0 24.09 18.35 24.09 35.51v28.9c0 6.49 6.19 10.85 12 10.85 6 0 12.42-4.15 12.42-10.85v-35.61c0-24.29-18.28-50.5-47.81-50.5a49.56 49.56 0 0 0-33.83 13.86z"
    fill="#f21860"
  />
  <path
    d="M469.33 124.69h-10.87v-21.53c0-6.72-7.23-10.85-12.42-10.85-5.89 0-12.2 4.36-12.2 10.85v85.91c0 15.28 6.63 26.69 18.18 31.31a13.25 13.25 0 0 0 6.12 1.27c4.58 0 8.34-1.86 10.33-5.11a8.88 8.88 0 0 0 1.86-5.52c0-3.59-2-8.08-5.8-9.34-6.07-1.77-6.07-10.38-6.07-15.53V146.4h10.88c5.19 0 12.42-4.13 12.42-10.86s-7.24-10.85-12.43-10.85zm115.02 27.63c-5.24-11.6-15.36-20.39-28.5-24.76-12.58-4.18-26.29-3.64-37.61 1.47a57.41 57.41 0 0 0-27.41 25.86c-4.55 9.05-8.29 23.56-.29 41.28a46.75 46.75 0 0 0 4.92 8.41 52.21 52.21 0 0 0 36.11 18.93c17.2 1.4 35.51-6.54 46.65-20.23a10.13 10.13 0 0 0 1.83-5.5 10.44 10.44 0 0 0-3-8.16 12.23 12.23 0 0 0-7.7-3.71c-5.5-.45-9.13 2.79-13.32 6.55-4.71 4.4-11.09 10.38-22.49 9.45a26.8 26.8 0 0 1-15.89-6.63l-1.12-1L579 166a10.38 10.38 0 0 0 5.4-13.6zm-74.54 23.61v-1.55c-.09-5.36 1.28-18.55 16.08-25.23 8.15-3.68 21-3.84 29.84 4.5l1.11 1zM655 124.24a54.89 54.89 0 0 0-34.08 12.09 48.91 48.91 0 0 0-18.22 38.19v36.29c0 6.49 6.42 10.85 12.42 10.85s12.2-4.36 12.2-10.85V181c0-8.07 0-13.9 2.8-19.5a29.86 29.86 0 0 1 9.72-11.12v.06a29.21 29.21 0 0 1 15.16-4.5c5.87 0 12.2-4.15 12.2-10.85s-6.32-10.85-12.2-10.85zM780.1 203l-.43-.4c-2.5-2-5-4.35-5.67-7.7l-.72-3.39.56.57c-.09-1.37-.09-2.71-.09-3.88v-15.43c0-27.47-27-48-51.13-48a57.94 57.94 0 0 0-36 12.39c-7.95 6.44-17.42 18.23-17.42 37.85a46.7 46.7 0 0 0 15.45 34.75 54.16 54.16 0 0 0 69.52 2.5l.88-.69.61.94a26.67 26.67 0 0 0 10.66 9.23v-.25l1.48.74a13.31 13.31 0 0 0 5.81 1.46c5.11 0 12.19-3.77 12.19-10.84.04-4.5-2.62-6.97-5.7-9.85zm-58.82-1a27.8 27.8 0 0 1-27.65-27.88c0-11.48 8.58-27.65 27.65-27.65 10.69 0 27.65 7.51 27.65 27.65A27.8 27.8 0 0 1 721.28 202zm155.47-8.57a14.37 14.37 0 0 0-8.55-3.13 12.06 12.06 0 0 0-8.51 3.54c-.55.55-1.45 1.28-2.4 2.05-.62.5-1.27 1-1.89 1.56a28.27 28.27 0 0 1-30.56.13c-7.61-5.07-12.14-13.94-12.14-23.74 0-14.9 12.69-27.49 27.72-27.49a27.42 27.42 0 0 1 15.13 4.65l.17.13a17.8 17.8 0 0 0 3.59 2.61l.45.31a10.76 10.76 0 0 0 8 3.07 13.25 13.25 0 0 0 8.74-3.1 10.12 10.12 0 0 0 3.7-7.77c0-2.62-1.19-5-3.74-7.58a53.64 53.64 0 0 0-36.29-13.83A55.17 55.17 0 0 0 804.46 138 47.93 47.93 0 0 0 788 174.45c0 23.28 21.32 49.23 51.92 49.23a57.25 57.25 0 0 0 25.11-6 53.7 53.7 0 0 0 11.85-8.56c2.75-2.5 4-5 4-8a9.51 9.51 0 0 0-4.13-7.69zm49.78-47.03c5.19 0 12.42-4.13 12.42-10.86s-7.23-10.85-12.42-10.85h-10.88v-21.53c0-6.72-7.24-10.85-12.42-10.85-5.89 0-12.2 4.36-12.2 10.85v85.91c0 15.28 6.63 26.69 18.18 31.31a13.25 13.25 0 0 0 6.12 1.27c4.58 0 8.34-1.86 10.33-5.11a8.88 8.88 0 0 0 1.86-5.52c0-3.59-2-8.08-5.8-9.34-6.07-1.77-6.07-10.38-6.07-15.53V146.4z"
    fill="#edf1f7"
  />
</svg>
`;

exports[`title-bar should be able to render 1`] = `
<React.Fragment>
  <header
    className="jsx-2506228511"
  >
    <Logo
      height={20}
      theme="light"
    />
    <p
      className="jsx-2506228511"
    />
  </header>
  <JSXStyle
    css="header.jsx-2506228511{display:-webkit-box;display:-webkit-flex;display:-ms-flexbox;display:flex;-webkit-box-pack:start;-webkit-justify-content:flex-start;-ms-flex-pack:start;justify-content:flex-start;background-color:var(--theme-title-bar-bg,rgb(250,250,250));padding:10px 16px;}header.jsx-2506228511>*.jsx-2506228511{margin:0 30px;}header.jsx-2506228511 pre.jsx-2506228511{display:inline-block;}"
    styleId="2506228511"
  />
</React.Fragment>
`;

exports[`title-bar should be able to render 2`] = `
<React.Fragment>
  <header
    className="jsx-2506228511"
  >
    <Logo
      height={20}
      theme="dark"
    />
    <p
      className="jsx-2506228511"
    >
      great
    </p>
  </header>
  <JSXStyle
    css="header.jsx-2506228511{display:-webkit-box;display:-webkit-flex;display:-ms-flexbox;display:flex;-webkit-box-pack:start;-webkit-justify-content:flex-start;-ms-flex-pack:start;justify-content:flex-start;background-color:var(--theme-title-bar-bg,rgb(250,250,250));padding:10px 16px;}header.jsx-2506228511>*.jsx-2506228511{margin:0 30px;}header.jsx-2506228511 pre.jsx-2506228511{display:inline-block;}"
    styleId="2506228511"
  />
</React.Fragment>
`;
