// Jest Snapshot v1, https://goo.gl/fbAQLP

exports[`index WidgetDisplay matches snapshot 1`] = `
<pre>
  Jupyter-Widgets are not yet supported in nteract.
  <div />
</pre>
`;
